// Jest Snapshot v1, https://goo.gl/fbAQLP

exports[`Test acquireJob mutation Acquiring a job require a type 1`] = `"Variable \\"$typeList\\" of required type \\"[String!]!\\" was not provided."`;

exports[`Test acquireJob mutation One can acquire a job of a given type. 1`] = `
Object {
  "acquireJob": Object {
    "id": 1,
    "name": "Bla a",
    "output": Object {},
    "status": "processing",
  },
}
`;

exports[`Test acquireJob mutation One cannot acquire a job of a blacklisted type. 1`] = `
Object {
  "acquireJob": null,
}
`;
