// Jest Snapshot v1, https://goo.gl/fbAQLP

exports[`Test the custom mutation One can add his own mutations to the schema 1`] = `
Object {
  "customAcquire": Object {
    "id": 1,
  },
}
`;
