// Jest Snapshot v1, https://goo.gl/fbAQLP

exports[`Test the job endpoint Be able to hold a type of job and toggle it 1`] = `
Object {
  "toggleHoldJobType": Object {
    "id": 1,
    "type": "type-1",
  },
}
`;
